'''

# add_integer function tests
>>> from importlib import import_module
>>> add_integer = import_module('0-add_integer').add_integer
>>> add_integer(2, 3)
5

>>> add_integer(2, -3)
-1

>>> add_integer(2.0, 3.0)
5

>>> add_integer(2.9, 0.2)
2

>>> add_integer(2)
100

>>> add_integer("hello", 3)
Traceback (most recent call last):
	...
TypeError: a must be an integer

>>> add_integer(2, "hello")
Traceback (most recent call last):
	...
TypeError: b must be an integer

>>> add_integer("hello", "hello")
Traceback (most recent call last):
	...
TypeError: a must be an integer

>>> add_integer(None)
Traceback (most recent call last):
	...
TypeError: a must be an integer

>>> add_integer(2.3, None)
Traceback (most recent call last):
	...
TypeError: b must be an integer

>>> add_integer("hello", "there")
Traceback (most recent call last):
	...
TypeError: a must be an integer

>>> add_integer(float('inf'))
Traceback (most recent call last):
	...
OverflowError: cannot convert float infinity to integer

'''
